// Jest Snapshot v1, https://goo.gl/fbAQLP

exports[`LazyItem should render correctly 1`] = `
<img
  alt=""
/>
`;

exports[`LazyWrapper should render correctly 1`] = `
<div>
  <img
    data-src="data:image/gif;base64,R0lGODlhAQABAAD/ACwAAAAAAQABAAACADs="
    name="lazy"
  />
  <img
    data-src="data:image/gif;base64,R0lGODlhAQABAAD/ACwAAAAAAQABAAACADs="
    name="lazy"
  />
  <img
    data-src="data:image/gif;base64,R0lGODlhAQABAAD/ACwAAAAAAQABAAACADs="
    name="lazy"
  />
</div>
`;
